$:Sk
AMPMS:Ai
Buffer:$f
CONSECUTIVE_FAILURES:fh
DATEFORMATS:ag
DATETIMEFORMATS:Bi
DST_GENERIC_LOCATION:Ci
ERANAMES:Di
ERAS:Ei
ESC:Tk
FIRSTDAYOFWEEK:gh
FIRSTWEEKCUTOFFDAY:hh
INIT_ERROR:Fi
MONTHS:Gi
ModuleLoadFailure:Fc
NARROWMONTHS:Hi
NARROWWEEKDAYS:Uk
OLD_CODE_GONE:ih
QUARTERS:Ii
SHORTMONTHS:Ji
SHORTQUARTERS:Ki
SHORTWEEKDAYS:Li
STANDALONEMONTHS:Mi
STANDALONENARROWMONTHS:Ni
STANDALONENARROWWEEKDAYS:Oi
STANDALONESHORTMONTHS:Pi
STANDALONESHORTWEEKDAYS:Qi
STANDALONEWEEKDAYS:Ri
STD_GENERIC_LOCATION:jh
STD_LONG_NAME_GMT:Vk
TIMEFORMATS:kh
Type:Gc
UNAUTHORIZED:He
WEEKDAYS:Si
WEEKENDRANGE:Wk
ZERODIGIT:Ti
__GT_Generator:Ui
__extmap:sl
__hash:F
__meta:N
_entries:za
_hash:Dd
_keys:Ed
_marshaller:ae
_meta:Sb
_name:Pa
_next:Ib
_rest:bg
_seq:be
accesses:mh
active_:$c
actualEventTarget_:Vi
addLoadModule_:Fl
add_left:nh
add_right:oh
addcv:Wi
afn:W
aform:Re
always:Se
any_printable:Xi
argm:ph
argspec:Te
arr:o
arrayBuilder:Gd
ascending_QMARK_:kd
backingMap:xa
balance_left:qh
balance_right:rh
base:Dl
baseModuleInfo_:Zi
base_count:sh
batchModeEnabled_:th
bitmap:ra
blacken:Hc
blocked_:cg
blocking_:$i
boolean$:aj
branches_:dg
bucket:ld
bucketIdx:ad
buf:Ia
buffer_:bd
cacheSize:bj
cached:eg
cachedOptions_:ef
cached_hierarchy:Ue
callOnce:Ve
callbackEntriesTail_:Hd
callbackEntries_:cd
callbackMap_:We
capped:ce
cb:wh
cfns:Xe
cform:Ic
char$:cj
check_QMARK_:Ye
choose:dj
chunk:na
chunk_next:de
ci:ee
cleanupWhenDone:Xk
cljs$core$APersistentVector$:fg
cljs$core$Fn$:xh
cljs$core$IAssociative$:yh
cljs$core$IAssociative$_assoc$arity$3:wa
cljs$core$IAssociative$_contains_key_QMARK_$arity$2:Xa
cljs$core$IAtom$:Yk
cljs$core$IChunk$_drop_first$arity$1:gg
cljs$core$IChunkedNext$_chunked_next$arity$1:Ze
cljs$core$IChunkedSeq$:Zk
cljs$core$IChunkedSeq$_chunked_first$arity$1:fe
cljs$core$IChunkedSeq$_chunked_rest$arity$1:dd
cljs$core$ICloneable$_clone$arity$1:Ka
cljs$core$ICollection$:$k
cljs$core$ICollection$_conj$arity$2:ma
cljs$core$IComparable$:wc
cljs$core$IComparable$_compare$arity$2:Tb
cljs$core$ICounted$:zh
cljs$core$ICounted$_count$arity$1:ia
cljs$core$IDeref$:hg
cljs$core$IDeref$_deref$arity$1:Jb
cljs$core$IDrop$:al
cljs$core$IDrop$_drop$arity$2:Jc
cljs$core$IEditableCollection$:Ah
cljs$core$IEditableCollection$_as_transient$arity$1:Id
cljs$core$IEmptyableCollection$:ej
cljs$core$IEmptyableCollection$_empty$arity$1:sa
cljs$core$IEncodeClojure$:bl
cljs$core$IEncodeClojure$_js__GT_clj$arity$2:fj
cljs$core$IEncodeJS$:gj
cljs$core$IEncodeJS$_clj__GT_js$arity$1:hj
cljs$core$IEquiv$_equiv$arity$2:P
cljs$core$IFind$:ed
cljs$core$IFind$_find$arity$2:Kc
cljs$core$IFn$:cl
cljs$core$IFn$_invoke$arity$0:Va
cljs$core$IFn$_invoke$arity$1:g
cljs$core$IFn$_invoke$arity$10:lb
cljs$core$IFn$_invoke$arity$11:mb
cljs$core$IFn$_invoke$arity$12:nb
cljs$core$IFn$_invoke$arity$13:ob
cljs$core$IFn$_invoke$arity$14:pb
cljs$core$IFn$_invoke$arity$15:qb
cljs$core$IFn$_invoke$arity$16:rb
cljs$core$IFn$_invoke$arity$17:sb
cljs$core$IFn$_invoke$arity$18:tb
cljs$core$IFn$_invoke$arity$19:ub
cljs$core$IFn$_invoke$arity$2:h
cljs$core$IFn$_invoke$arity$20:la
cljs$core$IFn$_invoke$arity$21:Lc
cljs$core$IFn$_invoke$arity$3:j
cljs$core$IFn$_invoke$arity$4:v
cljs$core$IFn$_invoke$arity$5:xl
cljs$core$IFn$_invoke$arity$6:da
cljs$core$IFn$_invoke$arity$7:Ya
cljs$core$IFn$_invoke$arity$8:Za
cljs$core$IFn$_invoke$arity$9:wb
cljs$core$IFn$_invoke$arity$variadic:l
cljs$core$IHash$:ig
cljs$core$IHash$_hash$arity$1:fa
cljs$core$IIndexed$:Bh
cljs$core$IIndexed$_nth$arity$2:R
cljs$core$IIndexed$_nth$arity$3:La
cljs$core$IIterable$:dl
cljs$core$IIterable$_iterator$arity$1:Ma
cljs$core$IKVReduce$:ij
cljs$core$IKVReduce$_kv_reduce$arity$3:Ab
cljs$core$IList$:el
cljs$core$ILookup$:jj
cljs$core$ILookup$_lookup$arity$2:ta
cljs$core$ILookup$_lookup$arity$3:ba
cljs$core$IMap$:fl
cljs$core$IMap$_dissoc$arity$2:Kb
cljs$core$IMapEntry$:gl
cljs$core$IMapEntry$_key$arity$1:jg
cljs$core$IMapEntry$_val$arity$1:kg
cljs$core$IMeta$:lg
cljs$core$IMeta$_meta$arity$1:Y
cljs$core$IMultiFn$_add_method$arity$3:J
cljs$core$IMultiFn$_dispatch_fn$arity$1:kj
cljs$core$IMultiFn$_get_method$arity$2:Na
cljs$core$IMultiFn$_methods$arity$1:Ch
cljs$core$INamed$:mg
cljs$core$INamed$_name$arity$1:ge
cljs$core$INamed$_namespace$arity$1:he
cljs$core$INext$:ie
cljs$core$INext$_next$arity$1:Ca
cljs$core$IPending$:hl
cljs$core$IPending$_realized_QMARK_$arity$1:je
cljs$core$IPrintWithWriter$:oa
cljs$core$IPrintWithWriter$_pr_writer$arity$3:ca
cljs$core$IRecord$:il
cljs$core$IReduce$:lj
cljs$core$IReduce$_reduce$arity$2:Da
cljs$core$IReduce$_reduce$arity$3:Ea
cljs$core$IReset$_reset_BANG_$arity$2:Dh
cljs$core$IReversible$:jl
cljs$core$IReversible$_rseq$arity$1:Mc
cljs$core$ISeq$:Jd
cljs$core$ISeq$_first$arity$1:Aa
cljs$core$ISeq$_rest$arity$1:Ja
cljs$core$ISeqable$:Eh
cljs$core$ISeqable$_seq$arity$1:ga
cljs$core$ISequential$:Fh
cljs$core$ISet$:kl
cljs$core$ISet$_disjoin$arity$2:ng
cljs$core$ISorted$:ll
cljs$core$IStack$_peek$arity$1:Nc
cljs$core$IStack$_pop$arity$1:Oc
cljs$core$ISwap$_swap_BANG_$arity$2:Gh
cljs$core$ISwap$_swap_BANG_$arity$3:mj
cljs$core$ISwap$_swap_BANG_$arity$4:nj
cljs$core$ISwap$_swap_BANG_$arity$5:oj
cljs$core$ITransientAssociative$_assoc_BANG_$arity$3:Kd
cljs$core$ITransientCollection$_conj_BANG_$arity$2:Ld
cljs$core$ITransientCollection$_persistent_BANG_$arity$1:ke
cljs$core$ITransientMap$_dissoc_BANG_$arity$2:og
cljs$core$IUUID$:$e
cljs$core$IVector$:ml
cljs$core$IVector$_assoc_n$arity$3:bc
cljs$core$IVolatile$_vreset_BANG_$arity$2:pg
cljs$core$IWithMeta$_with_meta$arity$2:Z
cljs$core$IWriter$_flush$arity$1:xc
cljs$core$IWriter$_write$arity$2:fd
cljs$core$Inst$:pj
cljs$core$Inst$inst_ms_STAR_$arity$1:Ih
cljs$lang$applyTo:K
cljs$lang$ctorPrWriter:nl
cljs$lang$ctorStr:rg
cljs$lang$maxFixedArity:vl
cljs$lang$protocol_mask$partition$:le
cljs$lang$protocol_mask$partition0$:Hg
cljs$lang$protocol_mask$partition1$:wl
cljs$lang$test:Lb
cljs$lang$type:rj
cljs$pprint$IPrettyFlush$_ppflush$arity$1:sg
cljs$spec$alpha$Spec$:yc
cljs$spec$alpha$Spec$conform_STAR_$arity$2:cc
cljs$spec$alpha$Spec$describe_STAR_$arity$1:dc
cljs$spec$alpha$Spec$explain_STAR_$arity$5:ec
cljs$spec$alpha$Spec$gen_STAR_$arity$4:fc
cljs$spec$alpha$Spec$with_gen_STAR_$arity$2:hc
cljs$spec$alpha$Specize$specize_STAR_$arity$1:Bb
cljs$spec$alpha$Specize$specize_STAR_$arity$2:Cb
cnt:G
coll:af
collision_hash:Pc
com$cognitect$transit$equals:Ub
com$cognitect$transit$hashCode:kb
comp:Mb
concurrentLoadingEnabled_:Lh
conform_all:ug
conform_into:sj
conform_keys:tj
consecutiveFailures_:bf
continue_:Mh
count_:Db
cpred:cf
cpred_QMARK_:df
create_:uj
dateTimeSymbols_:Fa
debugMode_:vg
decoder:vj
def:Vb
defaultHandler:wg
defaultScope_:Nh
default_dispatch_val:wj
defaults:me
demuxes_:Qc
deps_:xj
describe_form:Oh
dispatch_fn:zl
disposeInternal:Nb
disposed_:Md
distinct:xg
document_:ff
domain_:Rc
done_nl:eb
double$:yj
dval:gf
earlyOnloadCallbacks_:zj
edit:va
editable_QMARK_:md
encodedQuery_:Ob
end_pos:yl
ensure_editable:Sc
equiv:ja
errorDispatched_:yg
errorFn:hf
error_:jf
eventHandler_:Nd
eventTargetListeners_:Tc
event_:ne
execute:Aj
executeCallbacks_:kf
executing_:zg
ext_map_iter:Ph
extraEdges:ol
extraEdges_:Qh
fform:oe
fields:nd
fired_:Od
fmap:Bj
fn:zc
fn_:lf
fnspec:pe
for_all_STAR_:Cj
forceReload:pl
fqn:ka
fragment_:od
front:xb
fseq:Pd
func:Wb
gen:qe
gen_into:Ag
gen_max:mf
generate:Dj
generators:O
getElement:Ej
getKeys:pd
getListener:re
getResponseTexts:Bg
getTypedStringValue:Rh
getUris:Cg
getValues:qd
gfn:aa
hadError_:se
hadUnhandledRejection_:nf
handleError_:Dg
handleEvent_:Fj
handleLoadTimeout_:Gj
handleSuccess_:Eg
handlerForForeign:te
handler_:rd
handlers:Ta
hasNext:ua
hasPrefetched_:xf
has_nil_QMARK_:Sa
hashCode:ya
hash_map:Xb
head_:pf
header:Uc
helper_:Qd
hierarchy:qf
high_:pa
i:I
id_:ue
idx:Ga
ieProgId_:Sh
ignoreCase_:Yb
implementsGoogStringTypedString:Th
inAbort_:sd
inOpen_:Fg
inSend_:rf
indent:$a
initialModulesLoaded_:Hj
inode_assoc:kc
inode_assoc_BANG_:lc
inode_find:ve
inode_lookup:gd
inode_seq:we
inode_without:xe
inode_without_BANG_:ye
intra_block_nl:fb
isDisposed:Uh
isDisposed_:Vh
isEmpty:Rd
isReadOnly_:Ij
isUserActive:Wh
iter:Sd
k__GT_s:Jj
keyMap_:Qa
keySet:td
keys_:Td
keys__GT_specnames:zb
keys_pred:sf
keyword:Kj
keyword_ns:Lj
kfn:tf
kind_form:Xh
kps:Mj
kv_reduce:ud
large_integer:Nj
large_integer_STAR_:Oj
lastActive_:Yh
lastErrorCode_:Ud
lastError_:vd
lastUri_:Gg
last_was_whitespace_QMARK_:ze
lb:Pj
len:mc
limit_:Qj
listen:Ae
listenOnce:Zh
loadModules:Rj
loadModules_:uf
loadRequested:$h
loader_:vf
loadingModuleIds_:wd
loadingModulesStatus_:Vc
logical_block:ea
logical_block_callback:gb
low_:Ba
mapBuilder:Zb
map__22817:Nf
map__23184:qg
marshaller:Uj
max_columns:Ig
max_count:Be
meta:ul
meta20635:tg
meta22819:uh
meta22921:Hh
meta22943:Jh
meta22979:Kh
meta23010:qj
meta23104:Sj
meta23207:Tj
meta23605:Vj
meta23644:Wj
meta23739:Xj
meta29178:Yj
meta29445:Zj
meta29872:$j
meta29880:ak
meta29890:bk
meta29897:ck
meta43332:dk
method_cache:wf
method_table:Ce
min_count:xd
miser_width:pk
mmvar:Jg
moduleContext_:qk
moduleInfoMap:Ac
moduleName:rk
module_:De
more:nc
mseq:qa
multi:sk
next_entry:Ee
next_iter:oc
nil_val:Ua
nodes:jc
ns:yb
obj:yf
objectBuilder:bi
occupants_:zf
onCancelFunction_:ci
onDisposeCallbacks_:Wc
onError:El
onErrorCallbacks_:di
onFulfilled:Fe
onProgressHandler_:ei
onReadyStateChangeEntryPoint_:tk
onReadyStateChange_:fi
onRejected:Vd
onSuccess:ql
onTimeout:rl
one_of:uk
onloadCallbacks_:gi
opt:Af
opt_keys:hi
opt_specs:ii
opt_un:Bf
opts:Pb
p__22816:ek
p__23183:fk
params:$b
parentEventTarget_:Kg
parent_:Gb
path_:Bc
patternParts_:Cf
per_line_prefix:hb
port_:Wd
pos:qc
pred:ib
pred_exprs:ji
pred_forms:ki
preds:Wa
predx:yd
preferBuffers:Lg
preferStrings:Df
prefer_table:xk
prev_seed:Mg
privateDoNotAccessOrElseSafeScriptWrappedValue_:Ng
privateDoNotAccessOrElseTrustedResourceUrlWrappedValue_:Og
progressEventsEnabled_:li
propagationStopped_:Ge
properties:mi
queryData_:rc
quick_check:yk
re:hd
rear:Eb
record:zk
redden:Ie
registerCallback:Pg
registerCallback_:Ef
relative_to:Hb
removeAll:Qg
removed:Je
rep_fn:Ff
req:Gf
req_keys:ni
req_specs:oi
req_un:Hf
requestUris:pi
requestedLoadingModuleIds_:Xc
requestedModuleIdsQueue_:Fb
requestedModuleIds_:If
reset_:Ak
responseTexts:Rg
responseTexts_:Jf
responseType_:Kf
rest:Ra
result_:Yc
retag:Sg
retspec:Xd
return$:Bk
rform:Yd
riter:Ke
root_iter:ri
sb:Ck
scheme_:jd
script_:si
section:jb
seen:Tg
seq:sc
sequence_:Lf
setIgnoreCase:Ug
shuffle:Dk
silentlyCanceled_:Vg
simple_type_printable:Ek
sourceIter:Wg
sourceUrlInjection_:Xg
spec:Zd
specs:ac
standardOffset_:ti
start_col:ab
start_pos:U
state_:tc
str:bb
str_rep_fn:Le
string_alphanumeric:Fk
successFn:Cc
such_that:Gk
superClass_:Zc
supportsExtraEdges:tl
sym:Dc
symbol:Hk
symbol_ns:Ik
tag_fn:Mf
thenCatch:Jk
throwError:Kk
timeZoneId_:Yg
timeoutId_:Of
timeoutInterval_:Pf
timeout_:Me
trailing_white_space:Qb
transient_map:zd
transitions_:Qf
tree:Ec
tree_map:uc
trustToken_:Zg
trustedRequestUris:Rf
tuple:Lk
typeCount_:Ne
type_tag:V
tzNamesExt_:Ad
tzNames_:$g
udt0:ah
unblockAndFulfill_:Mk
unblockAndReject_:Nk
unc:ui
unhandledErrorId_:Sf
unlisten:bh
unmarshaller:Ok
unpack:Tf
uris_:Bd
useScriptTags_:Fd
useXhr2Timeout_:dh
userInfo_:Cd
userInitiatedLoadingModuleIds_:Oe
userLastActive_:wi
uuid:Rb
v:Oa
val:B
validator:Pk
vals:Uf
vec:cb
vector:Qk
vector_distinct:Rk
verbose:Pe
verbose_handler_fn:Qe
watches:Vf
withCredentials_:yi
workHead_:$d
workTail_:Wf
worst_lid:zi
worst_ms:eh
writer:Ha
xf:vc
xform:Xf
xhrOptions_:Yf
xhr_:ha
xmlHttpFactory_:Zf
